// Jest Snapshot v1, https://goo.gl/fbAQLP

exports[`snapshots testing snapshots for Missions component 1`] = `
<div
  className="rockets"
>
  <ul
    className="rocket-list"
  />
</div>
`;
